package days13;

/**
 * @author geon
 * @date 2024. 1. 17. - 오전 10:09:43
 * @subject
 * @content
 */
public class Ex01 {
	public static void main(String[] args) {
		
		System.out.println("Hello world");

		//1. Git 개요
		//2. GitHub 계정생성
		//3. Git 설치
		//4. New Repository - JavaPro
		//5. Token - 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
		//6. E:\Claass\Workspace\JavaClass\JavaClass-Home - 집
		//	 E:\Claass\Workspace\JavaClass\JavaClass-SiSt - 교육원
		//7. 사용자 등록
		//	 $ git config --global user.name "사용자이름"
		//	 $ git config --global user.email "사용자이메일"
		//	 $ git config -l
		//8. 원격 저장소 등록 확인.
		//fatal: not a git repository (or any of the parent directories): .git
		//9. 로컬 저장소 생성
		//Initialized empty Git repository in E:/Claass/Workspace/JavaClass/JavaClass-SiSt/.git/
		//10. ls
		//user@DESKTOP-COJ9858 MINGW64 /e/Claass/Workspace/JavaClass/JavaClass-SiSt (master)
		//$ ls
		//Hello.Java  Hello.class
		// gitPro 프로젝트 만들고 gitignore 파일 확인
		//11.
		//12.
		//$ git status
		//On branch master
		//
		//No commits yet
		//
		//Untracked files:
		//  (use "git add <file>..." to include in what will be committed)
		//        .gitignore
		//        Hello.Java
		//        gitPro/
		//
		//nothing added to commit but untracked files present (use "git add" to track)

		//브랜치이름 바꾼적있음..? 왜 난 main 아니고 master임?


		//13. 다시 원격저장소 확인 -> 원격저장소 등록
		// $ git remote add origin https://github.com/KKgeon/javaPro.git

		//13-2
		//$ git remote -v
		//origin  https://github.com/KKgeon/javaPro.git (fetch)
		//origin  https://github.com/KKgeon/javaPro.git (push)
		/*
		 * $ git add -h
usage: git add [<options>] [--] <pathspec>...

    -n, --[no-]dry-run    dry run
    -v, --[no-]verbose    be verbose

    -i, --[no-]interactive
                          interactive picking
    -p, --[no-]patch      select hunks interactively
    -e, --[no-]edit       edit current diff and apply
    -f, --[no-]force      allow adding otherwise ignored files
    -u, --[no-]update     update tracked files
    --[no-]renormalize    renormalize EOL of tracked files (implies -u)
    -N, --[no-]intent-to-add
                          record only the fact that the path will be added later
    -A, --[no-]all        add changes from all tracked and untracked files
    --[no-]ignore-removal ignore paths removed in the working tree (same as --no-all)
    --[no-]refresh        don't add, only refresh the index
    --[no-]ignore-errors  just skip files which cannot be added because of errors
    --[no-]ignore-missing check if - even missing - files are ignored in dry run
    --[no-]sparse         allow updating entries outside of the sparse-checkout cone
    --[no-]chmod (+|-)x   override the executable bit of the listed files
    --[no-]pathspec-from-file <file>
                          read pathspec from file
    --[no-]pathspec-file-nul
                          with --pathspec-from-file, pathspec elements are separated with NUL character

		 */
		//14. 스테이징 영역 추가 작업.
		//$ git add .
		//$ git status


//		On branch master
//
//		No commits yet
//
//		Changes to be committed:
//			(use "git rm --cached <file>..." to unstage)
//			new file:   .gitignore
//			new file:   Hello.Java
//			new file:   gitPro/.classpath
//			new file:   gitPro/.gitignore
//			new file:   gitPro/.project
//			new file:   gitPro/.settings/org.eclipse.jdt.core.prefs
//			new file:   gitPro/src/gitPro/Sample.java
//			new file:   gitPro/src/module-info.java
		
		//15. 로컬 저장소 (git directory) 추가하는 작업
//      $ git commit -m "first javaPro commit"
//      [main (root-commit) 92acfbd] first javaPro commit
//       6 files changed, 46 insertions(+)
//       create mode 100644 .gitignore
//       create mode 100644 Hello.java
//       create mode 100644 gitPro/.classpath
//       create mode 100644 gitPro/.gitignore
//       create mode 100644 gitPro/.project
//       create mode 100644 gitPro/src/gitPro/Sample.java

	      // 16. 원격 저장소 추가.
//      $ git push
//      fatal: The current branch main has no upstream branch.
//      To push the current branch and set the remote as upstream, use
//
//          git push --set-upstream origin main
//
//      To have this happen automatically for branches without a tracking
//      upstream, see 'push.autoSetupRemote' in 'git help config'.
//
//
//      user@SIST14-CLASS5 MINGW64 /e/Class/SS20Class/Workspace/JavaClass-SiSt (main)
//      $ git push --set-upstream origin main
//      Enumerating objects: 11, done.
//      Counting objects: 100% (11/11), done.
//      Delta compression using up to 8 threads
//      Compressing objects: 100% (7/7), done.
//      Writing objects: 100% (11/11), 1.13 KiB | 386.00 KiB/s, done.
//      Total 11 (delta 0), reused 0 (delta 0), pack-reused 0
//      To https://github.com/withkenik/javaPro.git
//       * [new branch]      main -> main
//      branch 'main' set up to track 'origin/main'.

		//17. JavaClass-SiSt(교육원) -> 원격저장소까지 저장한 상태
		
		// -- [집] -- JavaClass-Home 폴더 (집)
		//1) E:\Claass\Workspace\JavaClass-Home 폴더 이동
		//2) Git Reposiroty( 깃 로컬 저장소 ) 생성				(교육원에선 git init으로 새로 생성했으나 지금은 원격저장소를 복제해서 생성)
		//		git init
		//		git clone
		
		
		//git config user.name, user.email 등록
		//git remote - origin ~~~ 원격저장소 도 origin 별칭으로 등록
		
		
		//오후에는 이클립스 사용해서 
		//이클립스 + git 명령어
	}//m

}//c
